// Jest Snapshot v1, https://goo.gl/fbAQLP

exports[`User loadUser Filters only properties we use, formats URLs, and sets the default numeral config 1`] = `
Object {
  "b2bLoginInfo": Object {
    "allowPriceOverride": false,
    "autoCalcTax": false,
    "childCustNumber": 0,
    "company": null,
    "eProcType": "null",
    "eprocType": null,
    "ewrFeeItemNum": "null",
    "ewrFeeUNSPSCCode": "null",
    "extendedCheckout": false,
    "extrinsic": null,
    "extrinsicName": "null",
    "freightItemNum": "null",
    "freightTax": false,
    "freightUNSPSCCode": "null",
    "isB2BUser": false,
    "lineItemPriceOverride": "null",
    "login": null,
    "loginProfileId": 0,
    "password": null,
    "redirectPage": null,
    "salesOrg": null,
    "sapContactId": 0,
    "serviceProvider": null,
    "sharedSecret": null,
    "token": "null",
    "useClassicWebView": false,
    "usesEwrFeeAsLineItem": false,
    "usesFreightAsLineItem": false,
    "webGroupId": 0,
  },
  "isAPAC": false,
  "isLoggedIn": true,
  "userInformation": Object {
    "CountryCode": "US",
    "Email": "jonathan.krone@insight.com",
    "FaxNumber": "",
    "FirstName": "Jonathan",
    "LastName": "Krone",
    "PhoneNumber": "8044058142",
    "UserType": "Standard",
    "brandingType": "Insight",
    "businessType": "Z001",
    "instockOnly": true,
    "isDisplayKeyword": true,
    "isIpsUser": false,
    "isRequestor": false,
    "login": "jon.krone",
    "loginAsFlag": false,
    "masterGroupId": 9318105,
    "repId": 0,
    "reportingParentId": 9003890,
    "salesAreaId": 1,
    "salesOrg": "2400",
    "soldto": 10980012,
    "userSince": "Wed Jan 04 17:39:19 UTC 2017",
    "webAccount": "Jonathan Krone",
    "webGroupId": 860718099,
    "webGroupName": "Insight Employee Purchase Program - US",
    "webLoginProfileId": 4657638,
    "webLoginTypeId": 0,
  },
  "userPermissions": Array [
    "edit_chkout_default_favs",
    "enable_standard_reports",
    "show_lease_history",
    "rma",
    "buy",
    "carrier_account_no",
    "edit_my_acc",
    "product_compare",
    "customer_service",
    "quick_forms",
    "change_password",
    "bill_to_on_fly",
    "quick_shop",
    "price",
    "faq",
    "quote_track_only_my_quotes",
    "approval_process_setup",
    "enable_crosssell",
    "enable_software_license_profile_management",
    "webinar",
    "enable_duplicate_order",
    "enable_order_tracking",
    "inventory_blowout",
    "enable_invoicing",
    "enable_purchase_popup",
    "my_orders",
    "setup_login",
    "shop_by_brand",
    "edit_contact_info",
    "enable_user_preferences",
    "contact_us",
    "enable_resource_centers",
    "ship_to_in_sap",
    "view_quotes",
    "allow_quote_freight",
    "allow_bill_addr_change",
    "view_doc",
    "enable_manage_cloud",
    "search",
    "save_cart",
    "whyinsight",
    "enable_manage",
    "product_menu",
    "change_ship_to",
    "ship_to_select",
    "ppc",
    "subscribe",
    "accessories",
    "quickform_pg_setup",
    "advance_shipment_notification",
    "services",
    "summary_software_report_access",
    "country_select",
    "bill_to_select",
    "configurator",
    "enable_warranties",
  ],
  "webGroupPermissions": Array [
    "enable_cloud_buying",
    "enable_generic_order_history",
    "allow_shipping_complete",
    "display_adnl_notes_tran_process",
    "enable_buy",
    "enable_solve",
    "enable_manage",
    "list_price",
    "enable_learn",
    "suppress_sell_req",
    "display_inv_notes_tran_process",
    "frt_estimator",
  ],
}
`;
